/home/deimos/STM32CubeIDE/Embedded system processors/STM32-classes/Libraries/LibreriaLCDKP/src/lcd.c:19:6:lcd_init	40	static
/home/deimos/STM32CubeIDE/Embedded system processors/STM32-classes/Libraries/LibreriaLCDKP/src/lcd.c:101:6:lcd_putc	16	static
/home/deimos/STM32CubeIDE/Embedded system processors/STM32-classes/Libraries/LibreriaLCDKP/src/lcd.c:157:6:lcd_command	16	static
/home/deimos/STM32CubeIDE/Embedded system processors/STM32-classes/Libraries/LibreriaLCDKP/src/lcd.c:215:6:lcd_puts	24	static
/home/deimos/STM32CubeIDE/Embedded system processors/STM32-classes/Libraries/LibreriaLCDKP/src/lcd.c:223:6:lcd_gotoxy	24	static
/home/deimos/STM32CubeIDE/Embedded system processors/STM32-classes/Libraries/LibreriaLCDKP/src/lcd.c:239:6:lcd_definechar	24	static
/home/deimos/STM32CubeIDE/Embedded system processors/STM32-classes/Libraries/LibreriaLCDKP/src/lcd.c:248:6:lcd_clear	8	static
