00:19:55 **** Incremental Build of configuration Debug for project Display_Counter ****
make -j4 all 
arm-none-eabi-gcc "../Core/Src/main.c" -mcpu=cortex-m3 -std=gnu11 -g3 -DDEBUG -DUSE_HAL_DRIVER -DSTM32F103xB -c -I../Core/Inc -I../Drivers/STM32F1xx_HAL_Driver/Inc -I../Drivers/STM32F1xx_HAL_Driver/Inc/Legacy -I../Drivers/CMSIS/Device/ST/STM32F1xx/Include -I../Drivers/CMSIS/Include -O0 -ffunction-sections -fdata-sections -Wall -fstack-usage -MMD -MP -MF"Core/Src/main.d" -MT"Core/Src/main.o" --specs=nano.specs -mfloat-abi=soft -mthumb -o "Core/Src/main.o"
arm-none-eabi-gcc -o "Display_Counter.elf" @"objects.list"   -mcpu=cortex-m3 -T"/home/deimos/STM32CubeIDE/Embedded systems processors/STM32-classes/Display_Counter/STM32F103C8TX_FLASH.ld" --specs=nosys.specs -Wl,-Map="Display_Counter.map" -Wl,--gc-sections -static --specs=nano.specs -mfloat-abi=soft -mthumb -Wl,--start-group -lc -lm -Wl,--end-group
Finished building target: Display_Counter.elf
 
arm-none-eabi-size   Display_Counter.elf 
arm-none-eabi-objdump -h -S  Display_Counter.elf  > "Display_Counter.list"
   text	   data	    bss	    dec	    hex	filename
   4676	     64	   1576	   6316	   18ac	Display_Counter.elf
Finished building: default.size.stdout
 
Finished building: Display_Counter.list
 

00:19:56 Build Finished. 0 errors, 0 warnings. (took 739ms)

