00:42:30 **** Incremental Build of configuration Debug for project Display_Counter_Modified ****
make -j4 all 
arm-none-eabi-gcc "../Core/Src/main.c" -mcpu=cortex-m3 -std=gnu11 -g3 -DDEBUG -DUSE_HAL_DRIVER -DSTM32F103xB -c -I../Core/Inc -I../Drivers/STM32F1xx_HAL_Driver/Inc -I../Drivers/STM32F1xx_HAL_Driver/Inc/Legacy -I../Drivers/CMSIS/Device/ST/STM32F1xx/Include -I../Drivers/CMSIS/Include -O0 -ffunction-sections -fdata-sections -Wall -fstack-usage -MMD -MP -MF"Core/Src/main.d" -MT"Core/Src/main.o" --specs=nano.specs -mfloat-abi=soft -mthumb -o "Core/Src/main.o"
arm-none-eabi-gcc -o "Display_Counter_Modified.elf" @"objects.list"   -mcpu=cortex-m3 -T"/home/deimos/STM32CubeIDE/Embedded systems processors/STM32-classes/Display_Counter_Modified/STM32F103C8TX_FLASH.ld" --specs=nosys.specs -Wl,-Map="Display_Counter_Modified.map" -Wl,--gc-sections -static --specs=nano.specs -mfloat-abi=soft -mthumb -Wl,--start-group -lc -lm -Wl,--end-group
Finished building target: Display_Counter_Modified.elf
 
arm-none-eabi-size   Display_Counter_Modified.elf 
arm-none-eabi-objdump -h -S  Display_Counter_Modified.elf  > "Display_Counter_Modified.list"
   text	   data	    bss	    dec	    hex	filename
   4920	     72	   1576	   6568	   19a8	Display_Counter_Modified.elf
Finished building: default.size.stdout
 
Finished building: Display_Counter_Modified.list
 

00:42:31 Build Finished. 0 errors, 0 warnings. (took 631ms)

