15:23:30 **** Incremental Build of configuration Debug for project example1 ****
make -j16 all 
arm-none-eabi-gcc "../Core/Src/main.c" -mcpu=cortex-m3 -std=gnu11 -g3 -DDEBUG -DUSE_HAL_DRIVER -DSTM32F103xB -c -I../Core/Inc -I../Drivers/STM32F1xx_HAL_Driver/Inc -I../Drivers/STM32F1xx_HAL_Driver/Inc/Legacy -I../Drivers/CMSIS/Device/ST/STM32F1xx/Include -I../Drivers/CMSIS/Include -O0 -ffunction-sections -fdata-sections -Wall -fstack-usage -MMD -MP -MF"Core/Src/main.d" -MT"Core/Src/main.o" --specs=nano.specs -mfloat-abi=soft -mthumb -o "Core/Src/main.o"
../Core/Src/main.c: In function 'main':
../Core/Src/main.c:94:12: warning: unused variable 'state' [-Wunused-variable]
   94 |    int32_t state = HAL_GPIO_ReadPin(GPIOA, GPIO_PIN_0);
      |            ^~~~~
arm-none-eabi-gcc -o "example1.elf" @"objects.list"   -mcpu=cortex-m3 -T"C:\Workspace STM32\Embebidos\example1\STM32F103C8TX_FLASH.ld" --specs=nosys.specs -Wl,-Map="example1.map" -Wl,--gc-sections -static --specs=nano.specs -mfloat-abi=soft -mthumb -Wl,--start-group -lc -lm -Wl,--end-group
Finished building target: example1.elf
 
arm-none-eabi-size   example1.elf 
arm-none-eabi-objdump -h -S  example1.elf  > "example1.list"
   text	   data	    bss	    dec	    hex	filename
   4656	     20	   1572	   6248	   1868	example1.elf
Finished building: default.size.stdout
 
Finished building: example1.list
 

15:23:32 Build Finished. 0 errors, 1 warnings. (took 1s.604ms)

